// Jest Snapshot v1, https://goo.gl/fbAQLP

exports[`Delete Test Suite Deletes a project correctly 1`] = `
<button
  aria-label={null}
  className="btn btn-secondary"
  onClick={[Function]}
  type="button"
>
  Delete
</button>
`;
