// Jest Snapshot v1, https://goo.gl/fbAQLP

exports[`Editor Test Suite Edit Snapshot 1`] = `<div />`;
