// Jest Snapshot v1, https://goo.gl/fbAQLP

exports[`App snapshot renders without crashing 1`] = `
<div>
  <div
    className="loginContainer"
  >
    <div
      className="cssTool"
    />
    <div
      className="login"
    >
      <div
        className="logo"
      >
        <img
          alt="application logo"
          src="test-file-stub"
          width="140"
        />
      </div>
      <form
        className="form"
      >
        <div
          className="col"
        >
          <div
            className="position-relative form-group"
          >
            <label
              className=""
              htmlFor="username"
            >
              Username
            </label>
            <input
              className="form-control"
              id="username"
              name="username"
              onChange={[Function]}
              placeholder="Enter Username"
              type="text"
              value=""
            />
          </div>
        </div>
        <div
          className="col"
        >
          <div
            className="position-relative form-group"
          >
            <label
              className=""
              htmlFor="username"
            >
              Password
            </label>
            <input
              className="form-control"
              name="password"
              onChange={[Function]}
              placeholder="Password"
              type="password"
              value=""
            />
          </div>
          <button
            aria-label={null}
            className="loginBtn  btn btn-success"
            onClick={[Function]}
            type="button"
          >
            Log in
          </button>
        </div>
      </form>
    </div>
  </div>
  <div
    className="notification-container notification-container-empty"
  >
    <span />
  </div>
</div>
`;

exports[`renders correct link 1`] = `
ShallowWrapper {
  Symbol(enzyme.__root__): [Circular],
  Symbol(enzyme.__unrendered__): <MenuLink
    link="/faculties/FEUP/projects"
    title="Social Impact Projects"
  />,
  Symbol(enzyme.__renderer__): Object {
    "batchedUpdates": [Function],
    "getNode": [Function],
    "render": [Function],
    "simulateError": [Function],
    "simulateEvent": [Function],
    "unmount": [Function],
  },
  Symbol(enzyme.__node__): Object {
    "instance": null,
    "key": undefined,
    "nodeType": "function",
    "props": Object {
      "children": <NavLink
        activeClassName="active"
        aria-current="page"
        to="/faculties/FEUP/projects"
      >
        <Card
          tag="div"
        >
          <CardBody
            tag="div"
          >
            <CardTitle
              style={
                Object {
                  "alignItems": "center",
                  "display": "flex",
                  "justifyContent": "center",
                  "minHeight": "400px",
                }
              }
              tag="h5"
            >
              <p
                className="center-text"
                style={
                  Object {
                    "color": "rgb(33, 37, 41)",
                    "fontSize": "2rem",
                    "fontWeight": 700,
                  }
                }
              >
                Manage 
                Social Impact Projects
              </p>
            </CardTitle>
          </CardBody>
        </Card>
      </NavLink>,
      "tag": "div",
      "widths": Array [
        "xs",
        "sm",
        "md",
        "lg",
        "xl",
      ],
    },
    "ref": null,
    "rendered": Object {
      "instance": null,
      "key": undefined,
      "nodeType": "function",
      "props": Object {
        "activeClassName": "active",
        "aria-current": "page",
        "children": <Card
          tag="div"
        >
          <CardBody
            tag="div"
          >
            <CardTitle
              style={
                Object {
                  "alignItems": "center",
                  "display": "flex",
                  "justifyContent": "center",
                  "minHeight": "400px",
                }
              }
              tag="h5"
            >
              <p
                className="center-text"
                style={
                  Object {
                    "color": "rgb(33, 37, 41)",
                    "fontSize": "2rem",
                    "fontWeight": 700,
                  }
                }
              >
                Manage 
                Social Impact Projects
              </p>
            </CardTitle>
          </CardBody>
        </Card>,
        "to": "/faculties/FEUP/projects",
      },
      "ref": null,
      "rendered": Object {
        "instance": null,
        "key": undefined,
        "nodeType": "function",
        "props": Object {
          "children": <CardBody
            tag="div"
          >
            <CardTitle
              style={
                Object {
                  "alignItems": "center",
                  "display": "flex",
                  "justifyContent": "center",
                  "minHeight": "400px",
                }
              }
              tag="h5"
            >
              <p
                className="center-text"
                style={
                  Object {
                    "color": "rgb(33, 37, 41)",
                    "fontSize": "2rem",
                    "fontWeight": 700,
                  }
                }
              >
                Manage 
                Social Impact Projects
              </p>
            </CardTitle>
          </CardBody>,
          "tag": "div",
        },
        "ref": null,
        "rendered": Object {
          "instance": null,
          "key": undefined,
          "nodeType": "function",
          "props": Object {
            "children": <CardTitle
              style={
                Object {
                  "alignItems": "center",
                  "display": "flex",
                  "justifyContent": "center",
                  "minHeight": "400px",
                }
              }
              tag="h5"
            >
              <p
                className="center-text"
                style={
                  Object {
                    "color": "rgb(33, 37, 41)",
                    "fontSize": "2rem",
                    "fontWeight": 700,
                  }
                }
              >
                Manage 
                Social Impact Projects
              </p>
            </CardTitle>,
            "tag": "div",
          },
          "ref": null,
          "rendered": Object {
            "instance": null,
            "key": undefined,
            "nodeType": "function",
            "props": Object {
              "children": <p
                className="center-text"
                style={
                  Object {
                    "color": "rgb(33, 37, 41)",
                    "fontSize": "2rem",
                    "fontWeight": 700,
                  }
                }
              >
                Manage 
                Social Impact Projects
              </p>,
              "style": Object {
                "alignItems": "center",
                "display": "flex",
                "justifyContent": "center",
                "minHeight": "400px",
              },
              "tag": "h5",
            },
            "ref": null,
            "rendered": Object {
              "instance": null,
              "key": undefined,
              "nodeType": "host",
              "props": Object {
                "children": Array [
                  "Manage ",
                  "Social Impact Projects",
                ],
                "className": "center-text",
                "style": Object {
                  "color": "rgb(33, 37, 41)",
                  "fontSize": "2rem",
                  "fontWeight": 700,
                },
              },
              "ref": null,
              "rendered": Array [
                "Manage ",
                "Social Impact Projects",
              ],
              "type": "p",
            },
            "type": [Function],
          },
          "type": [Function],
        },
        "type": [Function],
      },
      "type": [Function],
    },
    "type": [Function],
  },
  Symbol(enzyme.__nodes__): Array [
    Object {
      "instance": null,
      "key": undefined,
      "nodeType": "function",
      "props": Object {
        "children": <NavLink
          activeClassName="active"
          aria-current="page"
          to="/faculties/FEUP/projects"
        >
          <Card
            tag="div"
          >
            <CardBody
              tag="div"
            >
              <CardTitle
                style={
                  Object {
                    "alignItems": "center",
                    "display": "flex",
                    "justifyContent": "center",
                    "minHeight": "400px",
                  }
                }
                tag="h5"
              >
                <p
                  className="center-text"
                  style={
                    Object {
                      "color": "rgb(33, 37, 41)",
                      "fontSize": "2rem",
                      "fontWeight": 700,
                    }
                  }
                >
                  Manage 
                  Social Impact Projects
                </p>
              </CardTitle>
            </CardBody>
          </Card>
        </NavLink>,
        "tag": "div",
        "widths": Array [
          "xs",
          "sm",
          "md",
          "lg",
          "xl",
        ],
      },
      "ref": null,
      "rendered": Object {
        "instance": null,
        "key": undefined,
        "nodeType": "function",
        "props": Object {
          "activeClassName": "active",
          "aria-current": "page",
          "children": <Card
            tag="div"
          >
            <CardBody
              tag="div"
            >
              <CardTitle
                style={
                  Object {
                    "alignItems": "center",
                    "display": "flex",
                    "justifyContent": "center",
                    "minHeight": "400px",
                  }
                }
                tag="h5"
              >
                <p
                  className="center-text"
                  style={
                    Object {
                      "color": "rgb(33, 37, 41)",
                      "fontSize": "2rem",
                      "fontWeight": 700,
                    }
                  }
                >
                  Manage 
                  Social Impact Projects
                </p>
              </CardTitle>
            </CardBody>
          </Card>,
          "to": "/faculties/FEUP/projects",
        },
        "ref": null,
        "rendered": Object {
          "instance": null,
          "key": undefined,
          "nodeType": "function",
          "props": Object {
            "children": <CardBody
              tag="div"
            >
              <CardTitle
                style={
                  Object {
                    "alignItems": "center",
                    "display": "flex",
                    "justifyContent": "center",
                    "minHeight": "400px",
                  }
                }
                tag="h5"
              >
                <p
                  className="center-text"
                  style={
                    Object {
                      "color": "rgb(33, 37, 41)",
                      "fontSize": "2rem",
                      "fontWeight": 700,
                    }
                  }
                >
                  Manage 
                  Social Impact Projects
                </p>
              </CardTitle>
            </CardBody>,
            "tag": "div",
          },
          "ref": null,
          "rendered": Object {
            "instance": null,
            "key": undefined,
            "nodeType": "function",
            "props": Object {
              "children": <CardTitle
                style={
                  Object {
                    "alignItems": "center",
                    "display": "flex",
                    "justifyContent": "center",
                    "minHeight": "400px",
                  }
                }
                tag="h5"
              >
                <p
                  className="center-text"
                  style={
                    Object {
                      "color": "rgb(33, 37, 41)",
                      "fontSize": "2rem",
                      "fontWeight": 700,
                    }
                  }
                >
                  Manage 
                  Social Impact Projects
                </p>
              </CardTitle>,
              "tag": "div",
            },
            "ref": null,
            "rendered": Object {
              "instance": null,
              "key": undefined,
              "nodeType": "function",
              "props": Object {
                "children": <p
                  className="center-text"
                  style={
                    Object {
                      "color": "rgb(33, 37, 41)",
                      "fontSize": "2rem",
                      "fontWeight": 700,
                    }
                  }
                >
                  Manage 
                  Social Impact Projects
                </p>,
                "style": Object {
                  "alignItems": "center",
                  "display": "flex",
                  "justifyContent": "center",
                  "minHeight": "400px",
                },
                "tag": "h5",
              },
              "ref": null,
              "rendered": Object {
                "instance": null,
                "key": undefined,
                "nodeType": "host",
                "props": Object {
                  "children": Array [
                    "Manage ",
                    "Social Impact Projects",
                  ],
                  "className": "center-text",
                  "style": Object {
                    "color": "rgb(33, 37, 41)",
                    "fontSize": "2rem",
                    "fontWeight": 700,
                  },
                },
                "ref": null,
                "rendered": Array [
                  "Manage ",
                  "Social Impact Projects",
                ],
                "type": "p",
              },
              "type": [Function],
            },
            "type": [Function],
          },
          "type": [Function],
        },
        "type": [Function],
      },
      "type": [Function],
    },
  ],
  Symbol(enzyme.__options__): Object {
    "adapter": ReactSixteenAdapter {
      "options": Object {
        "enableComponentDidUpdateOnSetState": true,
        "lifecycles": Object {
          "componentDidUpdate": Object {
            "onSetState": true,
          },
          "getDerivedStateFromProps": true,
          "getSnapshotBeforeUpdate": true,
          "setState": Object {
            "skipsComponentDidUpdateOnNullish": true,
          },
        },
      },
    },
  },
}
`;
