// Jest Snapshot v1, https://goo.gl/fbAQLP

exports[`renders loading screen 1`] = `
<Connect(GenericProjectsScreen)
  getAll={[Function]}
  getOne={[Function]}
/>
`;

exports[`renders research centers component 1`] = `
<Connect(GenericProjectsScreen)
  getAll={[Function]}
  getOne={[Function]}
/>
`;
