// Jest Snapshot v1, https://goo.gl/fbAQLP

exports[`Rendering  renders fact with content received 1`] = `
<Card
  style={
    Array [
      Object {
        "backgroundColor": "transparent",
        "borderBottomWidth": 0,
        "borderColor": "#ccc",
        "borderLeftWidth": 0,
        "borderRadius": 2,
        "borderRightWidth": 0,
        "borderTopWidth": 0,
        "elevation": null,
        "flexWrap": "nowrap",
        "marginBottom": 5,
        "marginLeft": 2,
        "marginRight": 2,
        "marginTop": 5,
        "shadowColor": null,
        "shadowOffset": null,
        "shadowOpacity": null,
        "shadowRadius": null,
      },
      Object {
        "alignItems": "center",
        "flex": 1,
        "flexDirection": "column",
        "justifyContent": "space-around",
      },
    ]
  }
  transparent={true}
>
  <Styled(ViewNB)
    style={
      Object {
        "flex": 100,
        "justifyContent": "space-around",
      }
    }
  >
    <Styled(Button)
      style={
        Array [
          Object {
            "borderRadius": 17,
            "borderWidth": 2.2,
            "elevation": 10,
            "height": 180,
            "justifyContent": "center",
            "transform": Array [
              Object {
                "rotate": "45deg",
              },
            ],
            "width": 180,
          },
          Object {
            "backgroundColor": "#ffffff",
            "borderColor": "#9f2d20",
          },
        ]
      }
    >
      <SvgUri
        fill="#9f2d20"
        fillAll={true}
        height={86.5}
        source={1}
        style={
          Object {
            "transform": Array [
              Object {
                "rotate": "315deg",
              },
            ],
          }
        }
        width={86.5}
      />
    </Styled(Button)>
  </Styled(ViewNB)>
  <Styled(ViewNB)
    style={
      Array [
        Object {
          "flex": 32,
          "flexDirection": "row",
          "justifyContent": "center",
        },
      ]
    }
  >
    <Styled(Text)
      style={
        Object {
          "flexWrap": "wrap",
          "fontSize": 33.5,
          "textAlign": "center",
        }
      }
    >
      Videos
    </Styled(Text)>
  </Styled(ViewNB)>
</Card>
`;
