// Jest Snapshot v1, https://goo.gl/fbAQLP

exports[`renders loading screen 1`] = `
<Styled(ViewNB)>
  <ActivityIndicator
    animating={true}
    color="#999999"
    hidesWhenStopped={true}
    size="small"
  />
</Styled(ViewNB)>
`;

exports[`renders screen with project selection buttons 1`] = `
<Styled(ViewNB)>
  <FlatList
    data={
      Array [
        Object {
          "content": "[EN] Aliquam sit amet varius lacus. Pellentesque habitant morbi tristique senectus et netus et malesuada fames ac turpis egestas. Sed tortor justo, ornare a vulputate in, mattis id mi. Donec varius, dui venenatis pharetra ultricies, ligula nulla ornare ex, quis mattis libero quam a tellus. Quisque quis est id nulla ornare semper at a nisi. Integer tincidunt egestas ornare. Nullam congue tellus arcu, eu ultricies mi pellentesque eget. Pellentesque massa sapien, suscipit sit amet lacus vel, faucibus faucibus elit. Cras in metus viverra, luctus magna ac, tristique leo. Aenean ultrices dui eget velit cursus, vitae suscipit purus varius. Aliquam erat volutpat. In porta metus et velit aliquet porta.",
          "facultyId": 1,
          "images": Array [
            "https://picsum.photos/200/300/?random",
            "https://picsum.photos/112/200/?random",
          ],
          "short_description": "Lorem ipsum dolor sit amet, consectetuer adipiscing elit. Etiam neque. Aliquam erat volutpat. Suspendisse sagittis ultrices augue. Pellentesque ipsum.",
          "start_date": "2017-01-01",
          "title": "[EN] Social project at FAUP",
        },
        Object {
          "content": "[EN] Aliquam sit amet varius lacus. Pellentesque habitant morbi tristique senectus et netus et malesuada fames ac turpis egestas. Sed tortor justo, ornare a vulputate in, mattis id mi. Donec varius, dui venenatis pharetra ultricies, ligula nulla ornare ex, quis mattis libero quam a tellus. Quisque quis est id nulla ornare semper at a nisi. Integer tincidunt egestas ornare. Nullam congue tellus arcu, eu ultricies mi pellentesque eget. Pellentesque massa sapien, suscipit sit amet lacus vel, faucibus faucibus elit. Cras in metus viverra, luctus magna ac, tristique leo. Aenean ultrices dui eget velit cursus, vitae suscipit purus varius. Aliquam erat volutpat. In porta metus et velit aliquet porta.",
          "facultyId": 1,
          "images": Array [
            "https://picsum.photos/200/300/?random",
            "https://picsum.photos/112/200/?random",
          ],
          "short_description": "Lorem ipsum dolor sit amet, consectetuer adipiscing elit. Etiam neque. Aliquam erat volutpat. Suspendisse sagittis ultrices augue. Pellentesque ipsum.",
          "start_date": "2017-01-01",
          "title": "[EN] Social project at FAUP",
        },
      ]
    }
    disableVirtualization={false}
    horizontal={false}
    initialNumToRender={10}
    keyExtractor={[Function]}
    maxToRenderPerBatch={10}
    numColumns={1}
    onEndReachedThreshold={2}
    renderItem={[Function]}
    scrollEventThrottle={50}
    style={
      Object {
        "marginTop": 5,
      }
    }
    updateCellsBatchingPeriod={50}
    windowSize={21}
  />
</Styled(ViewNB)>
`;
