// Jest Snapshot v1, https://goo.gl/fbAQLP

exports[`App snapshot renders without crashing 1`] = `
<div>
  <div
    className="loginContainer"
  >
    <div
      className="cssTool"
    />
    <div
      className="login"
    >
      <div
        className="logo"
      >
        <img
          alt="application logo"
          src="test-file-stub"
          width="140"
        />
      </div>
      <form
        className="form"
      >
        <div
          className="col"
        >
          <div
            className="position-relative form-group"
          >
            <label
              className=""
              htmlFor="username"
            >
              Username
            </label>
            <input
              className="form-control"
              id="username"
              name="username"
              onChange={[Function]}
              placeholder="Enter Username"
              type="text"
              value=""
            />
          </div>
        </div>
        <div
          className="col"
        >
          <div
            className="position-relative form-group"
          >
            <label
              className=""
              htmlFor="username"
            >
              Password
            </label>
            <input
              className="form-control"
              name="password"
              onChange={[Function]}
              placeholder="Password"
              type="password"
              value=""
            />
          </div>
          <button
            aria-label={null}
            className="loginBtn  btn btn-success"
            onClick={[Function]}
            type="button"
          >
            Log in
          </button>
        </div>
      </form>
    </div>
  </div>
  <div
    className="notification-container notification-container-empty"
  >
    <span />
  </div>
</div>
`;
